DONE LIST:

cat myfile.txt | cat << here >> myfile.txt| grep hello < myfile.txt
cat << here | cat << here

EXPANSION HEREDOC
cat << ciao
>ciaociao
> ciao$USER
> ciao
ciaociao
ciaoaeid
OTHER CASES:
here$USER
> $USER$USERhere here$USER
> $USERhere$USER $USERhere

coucou
command not found

cd segfault
IMPORTANT
aeid@c2r5p13:~$ cat kldja >>> file
bash: syntax error near unexpected token `>'
aeid@c2r5p13:~$ echo $?
2
aeid@c2r5p13:~$ cat dlfka >>file
cat: dlfka: No such file or directory
aeid@c2r5p13:~$ cat dlfka >>32
cat: dlfka: No such file or directory
aeid@c2r5p13:~$ cat dlfka >><
bash: syntax error near unexpected token `<'
aeid@c2r5p13:~$ cat dlfka >>$home
bash: $home: ambiguous redirect
aeid@c2r5p13:~$ cat dlfka >>$HOME
bash: /nfs/homes/aeid: Is a directory
aeid@c2r5p13:~$ cat dlfka >>$USER
cat: dlfka: No such file or directory
aeid@c2r5p13:~$ cat dlfka >>$nblasda
bash: $nblasda: ambiguous redirect

minishell $ cat << here << hek << hi
sda
buffer: sda

here
buffer: here

free(): double free detected in tcache 2
/////
/////
TO BE DONE LIST: 

//////
////
Insert signals in heredoc
/// 
cat $USER | cat $USER
////
insert free in the builtins
////
valgrind
check all errors(parsing, builtins,) with valgrind
////
///